// Jest Snapshot v1, https://goo.gl/fbAQLP

exports[`<InfoPopup /> Should render and match the snapshot with default props 1`] = `
<div
  class="styled__Overlay-sc-1l7if20-0 knSwPr"
  data-testid="overlay"
  data-visible="true"
>
  <div
    class="Shake-e77na9-0 iHCLPl"
  >
    <div
      class="Shadows__SoftShadow-sc-1xiu5e5-2 styled__Wrapper-sc-1l7if20-1 lalxsh"
    >
      <div
        class="styled__Wrapper-d8i81s-0 tsbOJ"
      >
        <div
          class="styled__Header-d8i81s-1 gnViui"
        />
        <div
          class="styled__Content-d8i81s-2 bMSPhR"
        >
          <h1
            class="styled__Title-d8i81s-3 eCdxxj"
          >
            Share your creativity
          </h1>
          <div
            class="styled__Image-d8i81s-4 dOiiON"
          />
          <span
            class="styled__Description-d8i81s-5 gzYEeY"
          >
            <br />
            <br />
            Created by
            <br />
            <big>
              Alessandro Cipolletti
            </big>
            <br />
            <br />
            cipolletti.alessandro@gmail.com
          </span>
        </div>
      </div>
    </div>
  </div>
</div>
`;
