// Jest Snapshot v1, https://goo.gl/fbAQLP

exports[`<Popup /> Should render and match the snapshot with default props 1`] = `null`;

exports[`<Popup /> Should render and match the snapshot with showClose = false 1`] = `null`;

exports[`<Popup /> Should render and match the snapshot with showClose = true and allowClose = true 1`] = `null`;

exports[`<Popup /> Should render and match the snapshot with showClose = true but allowClose = false 1`] = `null`;
